[Licensing::Module] Trying to connect to existing licensing client channel...
Built from '6000.3/staging' branch; Version is '6000.3.7f1 (696ec25a53d1) revision 6909634'; Using compiler version '194234433'; Build Type 'Release'
OS: 'Windows 11  (10.0.26200) Core' Language: 'en' Physical Memory: 95877 MB
[Licensing::IpcConnector] Successfully connected to: "LicenseClient-marst" at "2026-02-27T20:53:03.0752833Z"
BatchMode: 1, IsHumanControllingUs: 0, StartBugReporterOnCrash: 0, Is64bit: 1
System  architecture: x64
Process architecture: x64
Date: 2026-02-27T20:53:03Z

COMMAND LINE ARGUMENTS:
C:\Program Files\Unity\Hub\Editor\6000.3.7f1\Editor\Unity.exe
-batchmode
-nographics
-quit
-projectPath
C:\Users\marst\Projects\Git\Going-Dark
-executeMethod
FusionAnimator.Editor.FusionAnimatorBatchTools.RebuildDefaultFusionAgentGraph
-logFile
C:\Users\marst\Projects\Git\Going-Dark\fusion_batch_rebuild.log
Successfully changed project path to: C:\Users\marst\Projects\Git\Going-Dark
C:/Users/marst/Projects/Git/Going-Dark
[Licensing::Client] Handshaking with LicensingClient:
  Version:                 1.17.4+4293ba1
  Session Id:              8f9e59e2379c4eb9b4bb0dd1752bf46d
  Correlation Id:          4c4a3ca6ae809fcf9839e457a3fb88e9
  External correlation Id: 401498303785935728
  Machine Id:              9IEeBFGh+IXICFKmc8+031wltPY=
[Licensing::Module] Successfully connected to LicensingClient on channel: "LicenseClient-marst" (connect: 0.00s, validation: 0.00s, handshake: 0.63s)
[Licensing::IpcConnector] Successfully connected to: "LicenseClient-marst-notifications" at "2026-02-27T20:53:03.7052966Z"
[Licensing::Module] Error: Access token is unavailable; failed to update
[Licensing::Client] Successfully resolved entitlement details
[Licensing::Module] License group:
  Id: 2475882258045-spectrastudiosllc-UnitXXXX
  Product: Unity Pro
  Type: Assigned
  Expiration: 2026-12-09T00:00:00Z
[Licensing::Client] Successfully updated license, isAsync: True, time: 0.00
[Licensing::Client] Successfully resolved entitlement details
[Licensing::Module] Licensing Background thread has ended after 0.64s
[UnityMemory] Configuration Parameters - Can be set up in boot.config
    "memorysetup-temp-allocator-size-nav-mesh-worker=65536"
    "memorysetup-temp-allocator-size-audio-worker=65536"
    "memorysetup-temp-allocator-size-gfx=262144"
    "memorysetup-allocator-temp-initial-block-size-main=262144"
    "memorysetup-allocator-temp-initial-block-size-worker=262144"
    "memorysetup-temp-allocator-size-background-worker=32768"
    "memorysetup-temp-allocator-size-job-worker=262144"
    "memorysetup-temp-allocator-size-preload-manager=33554432"
    "memorysetup-temp-allocator-size-gi-baking-worker=262144"
    "memorysetup-temp-allocator-size-gi-baking-worker=262144"
    "memorysetup-temp-allocator-size-gi-baking-worker=262144"
    "memorysetup-temp-allocator-size-gi-baking-worker=262144"
    "memorysetup-temp-allocator-size-gi-baking-worker=262144"
    "memorysetup-bucket-allocator-granularity=16"
    "memorysetup-bucket-allocator-bucket-count=8"
    "memorysetup-bucket-allocator-block-size=33554432"
    "memorysetup-bucket-allocator-block-count=8"
    "memorysetup-main-allocator-block-size=16777216"
    "memorysetup-thread-allocator-block-size=16777216"
    "memorysetup-gfx-main-allocator-block-size=16777216"
    "memorysetup-gfx-thread-allocator-block-size=16777216"
    "memorysetup-cache-allocator-block-size=4194304"
    "memorysetup-typetree-allocator-block-size=2097152"
    "memorysetup-profiler-bucket-allocator-granularity=16"
    "memorysetup-profiler-bucket-allocator-bucket-count=8"
    "memorysetup-profiler-bucket-allocator-block-size=33554432"
    "memorysetup-profiler-bucket-allocator-block-count=8"
    "memorysetup-profiler-allocator-block-size=16777216"
    "memorysetup-profiler-editor-allocator-block-size=1048576"
    "memorysetup-temp-allocator-size-main=16777216"
    "memorysetup-job-temp-allocator-block-size=2097152"
    "memorysetup-job-temp-allocator-block-size-background=1048576"
    "memorysetup-job-temp-allocator-reduction-small-platforms=262144"
    "memorysetup-temp-allocator-size-cloud-worker=32768"
Player connection [53812]  Target information:

Player connection [53812]  * "[IP] 10.10.10.2 [Port] 55504 [Flags] 2 [Guid] 2350869717 [EditorId] 2350869717 [Version] 1048832 [Id] WindowsEditor(7,Falchion) [Debug] 1 [PackageName] WindowsEditor [ProjectName] Editor" 

Player connection [53812]  * "[IP] 192.168.4.183 [Port] 55504 [Flags] 2 [Guid] 2350869717 [EditorId] 2350869717 [Version] 1048832 [Id] WindowsEditor(7,Falchion) [Debug] 1 [PackageName] WindowsEditor [ProjectName] Editor" 

Player connection [53812] Host joined multi-casting on [225.0.0.222:54997]...
Player connection [53812] Host joined alternative multi-casting on [225.0.0.222:34997]...
Input System module state changed to: Initialized.
[Physics::Module] Initialized fallback backend.
[Physics::Module] Id: 0xdecafbad
[Package Manager] Connected to IPC stream "Upm-212200" after 0.0 seconds.
[Licensing::Client] Successfully resolved entitlement details
Library Redirect Path: Library/
[Physics::Module] Selected backend.
[Physics::Module] Name: PhysX
[Physics::Module] Id: 0xf2b8ea05
[Physics::Module] SDK Version: 4.1.2
[Physics::Module] Integration Version: 1.0.0
[Physics::Module] Threading Mode: Multi-Threaded
Artifact Garbage Collection - Removed 2 unused hashed content files
Refreshing native plugins compatible for Editor in 4.03 ms, found 1 plugins.
Preloading 0 native plugins for Editor in 0.00 ms.
Initialize engine version: 6000.3.7f1 (696ec25a53d1)
[Subsystems] Discovering subsystems at path C:/Program Files/Unity/Hub/Editor/6000.3.7f1/Editor/Data/Resources/UnitySubsystems
[Subsystems] Discovering subsystems at path C:/Users/marst/Projects/Git/Going-Dark/Assets
Forcing GfxDevice: Null
GfxDevice: creating device client; kGfxThreadingModeNonThreaded
NullGfxDevice:
    Version:  NULL 1.0 [1.0]
    Renderer: Null Device
    Vendor:   Unity Technologies
Initialize mono
Mono path[0] = 'C:/Program Files/Unity/Hub/Editor/6000.3.7f1/Editor/Data/Managed'
Mono path[1] = 'C:/Program Files/Unity/Hub/Editor/6000.3.7f1/Editor/Data/MonoBleedingEdge/lib/mono/unityjit-win32'
Mono config path = 'C:/Program Files/Unity/Hub/Editor/6000.3.7f1/Editor/Data/MonoBleedingEdge/etc'
Using monoOptions --debugger-agent=transport=dt_socket,embedding=1,server=y,suspend=n,address=127.0.0.1:56200
Using cacheserver namespaces - metadata:defaultmetadata, artifacts:defaultartifacts
Using cacheserver namespaces - metadata:defaultmetadata, artifacts:defaultartifacts
ImportWorker Server TCP listen port: 0
AcceleratorClientConnectionCallback - disconnected - :0
Begin MonoManager ReloadAssembly
Registering precompiled unity dll's ...
Register platform support module: C:/Program Files/Unity/Hub/Editor/6000.3.7f1/Editor/Data/PlaybackEngines/WindowsStandaloneSupport/UnityEditor.WindowsStandalone.Extensions.dll
Registered in 0.001307 seconds.
- Loaded All Assemblies, in  1.357 seconds
Native extension for WindowsStandalone target not found
ScheduleIndexationOnStartup MainProcess:False IndexOnStartup:True
Mono: successfully reloaded assembly
- Finished resetting the current domain, in  0.259 seconds
Domain Reload Profiling: 1614ms
	BeginReloadAssembly (217ms)
		ExecutionOrderSort (0ms)
		DisableScriptedObjects (0ms)
		BackupInstance (0ms)
		ReleaseScriptingObjects (0ms)
		CreateAndSetChildDomain (36ms)
	RebuildCommonClasses (273ms)
	RebuildNativeTypeToScriptingClass (8ms)
	initialDomainReloadingComplete (28ms)
	LoadAllAssembliesAndSetupDomain (830ms)
		LoadAssemblies (183ms)
		RebuildTransferFunctionScriptingTraits (0ms)
		AnalyzeDomain (823ms)
			TypeCache.Refresh (821ms)
				TypeCache.ScanAssembly (644ms)
			BuildScriptInfoCaches (0ms)
			ResolveRequiredComponents (0ms)
	FinalizeReload (259ms)
		ReleaseScriptCaches (0ms)
		RebuildScriptCaches (0ms)
		SetupLoadedEditorAssemblies (232ms)
			LogAssemblyErrors (0ms)
			InitializePlatformSupportModulesInManaged (54ms)
			SetLoadedEditorAssemblies (3ms)
			BeforeProcessingInitializeOnLoad (48ms)
			ProcessInitializeOnLoadAttributes (96ms)
			ProcessInitializeOnLoadMethodAttributes (32ms)
			AfterProcessingInitializeOnLoad (0ms)
			EditorAssembliesLoaded (0ms)
		ExecutionOrderSort2 (0ms)
		AwakeInstancesAfterBackupRestoration (0ms)
[Licensing::Client] Successfully resolved entitlement details
Application.AssetDatabase Initial Refresh Start
Package Manager log level set to [2]
[Package Manager] Restoring resolved packages state from cache
[Licensing::Client] Successfully resolved entitlement details
[Package Manager] Registered 75 packages:
  Packages from [https://packages.unity.com]:
    com.unity.ai.navigation@2.0.9 (location: C:\Users\marst\Projects\Git\Going-Dark\Library\PackageCache\com.unity.ai.navigation@5218e4bf7edc)
    com.unity.animation.rigging@1.4.1 (location: C:\Users\marst\Projects\Git\Going-Dark\Library\PackageCache\com.unity.animation.rigging@ae5f251e1ed4)
    com.unity.burst@1.8.27 (location: C:\Users\marst\Projects\Git\Going-Dark\Library\PackageCache\com.unity.burst@973857688024)
    com.unity.cinemachine@3.1.5 (location: C:\Users\marst\Projects\Git\Going-Dark\Library\PackageCache\com.unity.cinemachine@5342685532bb)
    com.unity.collab-proxy@2.11.3 (location: C:\Users\marst\Projects\Git\Going-Dark\Library\PackageCache\com.unity.collab-proxy@e566cd3e7623)
    com.unity.collections@2.6.2 (location: C:\Users\marst\Projects\Git\Going-Dark\Library\PackageCache\com.unity.collections@aea9d3bd5e19)
    com.unity.ide.rider@3.0.39 (location: C:\Users\marst\Projects\Git\Going-Dark\Library\PackageCache\com.unity.ide.rider@4504839d03f7)
    com.unity.ide.visualstudio@2.0.26 (location: C:\Users\marst\Projects\Git\Going-Dark\Library\PackageCache\com.unity.ide.visualstudio@a99d56dec63f)
    com.unity.inputsystem@1.18.0 (location: C:\Users\marst\Projects\Git\Going-Dark\Library\PackageCache\com.unity.inputsystem@57d0e36f6123)
    com.unity.jobs@0.70.0-preview.7 (location: C:\Users\marst\Projects\Git\Going-Dark\Library\PackageCache\com.unity.jobs@bb63d3d025fd)
    com.unity.mathematics@1.3.3 (location: C:\Users\marst\Projects\Git\Going-Dark\Library\PackageCache\com.unity.mathematics@19a9377c4ffa)
    com.unity.nuget.mono-cecil@1.11.6 (location: C:\Users\marst\Projects\Git\Going-Dark\Library\PackageCache\com.unity.nuget.mono-cecil@ecb9724e46ff)
    com.unity.nuget.newtonsoft-json@3.2.2 (location: C:\Users\marst\Projects\Git\Going-Dark\Library\PackageCache\com.unity.nuget.newtonsoft-json@4dfd81071c64)
    com.unity.probuilder@6.0.8 (location: C:\Users\marst\Projects\Git\Going-Dark\Library\PackageCache\com.unity.probuilder@2e7e30b1490d)
    com.unity.searcher@4.9.4 (location: C:\Users\marst\Projects\Git\Going-Dark\Library\PackageCache\com.unity.searcher@d45a78918735)
    com.unity.services.authentication@3.6.0 (location: C:\Users\marst\Projects\Git\Going-Dark\Library\PackageCache\com.unity.services.authentication@862f5b816622)
    com.unity.services.core@1.16.0 (location: C:\Users\marst\Projects\Git\Going-Dark\Library\PackageCache\com.unity.services.core@8ba50f624741)
    com.unity.services.matchmaker@1.1.4 (location: C:\Users\marst\Projects\Git\Going-Dark\Library\PackageCache\com.unity.services.matchmaker@1df944607f7b)
    com.unity.services.multiplay@1.1.1 (location: C:\Users\marst\Projects\Git\Going-Dark\Library\PackageCache\com.unity.services.multiplay@caf5bb9cdad2)
    com.unity.services.wire@1.4.1 (location: C:\Users\marst\Projects\Git\Going-Dark\Library\PackageCache\com.unity.services.wire@9a73acde80cc)
    com.unity.settings-manager@2.1.1 (location: C:\Users\marst\Projects\Git\Going-Dark\Library\PackageCache\com.unity.settings-manager@0b8638c5ce86)
    com.unity.timeline@1.8.10 (location: C:\Users\marst\Projects\Git\Going-Dark\Library\PackageCache\com.unity.timeline@7f8b2fb101b6)
    com.unity.visualscripting@1.9.9 (location: C:\Users\marst\Projects\Git\Going-Dark\Library\PackageCache\com.unity.visualscripting@191c0d7e3b69)
    com.unity.editorcoroutines@1.0.1 (location: C:\Users\marst\Projects\Git\Going-Dark\Library\PackageCache\com.unity.editorcoroutines@54394ed3283c)
    com.unity.performance.profile-analyzer@1.3.1 (location: C:\Users\marst\Projects\Git\Going-Dark\Library\PackageCache\com.unity.performance.profile-analyzer@311968ce4be7)
    com.unity.testtools.codecoverage@1.3.0 (location: C:\Users\marst\Projects\Git\Going-Dark\Library\PackageCache\com.unity.testtools.codecoverage@19a841221620)
    com.unity.test-framework.performance@3.2.0 (location: C:\Users\marst\Projects\Git\Going-Dark\Library\PackageCache\com.unity.test-framework.performance@0840f58e4562)
    com.unity.splines@2.8.2 (location: C:\Users\marst\Projects\Git\Going-Dark\Library\PackageCache\com.unity.splines@1cb7d86fc7ff)
  Built-in packages:
    com.unity.2d.sprite@1.0.0 (location: C:\Users\marst\Projects\Git\Going-Dark\Library\PackageCache\com.unity.2d.sprite@82f01c8c75ca)
    com.unity.ext.nunit@2.0.5 (location: C:\Users\marst\Projects\Git\Going-Dark\Library\PackageCache\com.unity.ext.nunit@d8c07649098d)
    com.unity.feature.development@1.0.2 (location: C:\Users\marst\Projects\Git\Going-Dark\Library\PackageCache\com.unity.feature.development@767aadbc6eb7)
    com.unity.render-pipelines.core@17.3.0 (location: C:\Users\marst\Projects\Git\Going-Dark\Library\PackageCache\com.unity.render-pipelines.core@d6dfd1e235d5)
    com.unity.render-pipelines.high-definition@17.3.0 (location: C:\Users\marst\Projects\Git\Going-Dark\Library\PackageCache\com.unity.render-pipelines.high-definition@78dc4450998b)
    com.unity.rendering.denoising@1.0.5 (location: C:\Users\marst\Projects\Git\Going-Dark\Library\PackageCache\com.unity.rendering.denoising@5af22b1a6a91)
    com.unity.shadergraph@17.3.0 (location: C:\Users\marst\Projects\Git\Going-Dark\Library\PackageCache\com.unity.shadergraph@0afb4c072efd)
    com.unity.test-framework@1.6.0 (location: C:\Users\marst\Projects\Git\Going-Dark\Library\PackageCache\com.unity.test-framework@0b7a23ab2e1d)
    com.unity.ugui@2.0.0 (location: C:\Users\marst\Projects\Git\Going-Dark\Library\PackageCache\com.unity.ugui@11343a6274f3)
    com.unity.modules.accessibility@1.0.0 (location: C:\Users\marst\Projects\Git\Going-Dark\Library\PackageCache\com.unity.modules.accessibility)
    com.unity.modules.adaptiveperformance@1.0.0 (location: C:\Users\marst\Projects\Git\Going-Dark\Library\PackageCache\com.unity.modules.adaptiveperformance)
    com.unity.modules.ai@1.0.0 (location: C:\Users\marst\Projects\Git\Going-Dark\Library\PackageCache\com.unity.modules.ai)
    com.unity.modules.androidjni@1.0.0 (location: C:\Users\marst\Projects\Git\Going-Dark\Library\PackageCache\com.unity.modules.androidjni)
    com.unity.modules.animation@1.0.0 (location: C:\Users\marst\Projects\Git\Going-Dark\Library\PackageCache\com.unity.modules.animation)
    com.unity.modules.assetbundle@1.0.0 (location: C:\Users\marst\Projects\Git\Going-Dark\Library\PackageCache\com.unity.modules.assetbundle)
    com.unity.modules.audio@1.0.0 (location: C:\Users\marst\Projects\Git\Going-Dark\Library\PackageCache\com.unity.modules.audio)
    com.unity.modules.cloth@1.0.0 (location: C:\Users\marst\Projects\Git\Going-Dark\Library\PackageCache\com.unity.modules.cloth)
    com.unity.modules.director@1.0.0 (location: C:\Users\marst\Projects\Git\Going-Dark\Library\PackageCache\com.unity.modules.director)
    com.unity.modules.imageconversion@1.0.0 (location: C:\Users\marst\Projects\Git\Going-Dark\Library\PackageCache\com.unity.modules.imageconversion)
    com.unity.modules.imgui@1.0.0 (location: C:\Users\marst\Projects\Git\Going-Dark\Library\PackageCache\com.unity.modules.imgui)
    com.unity.modules.jsonserialize@1.0.0 (location: C:\Users\marst\Projects\Git\Going-Dark\Library\PackageCache\com.unity.modules.jsonserialize)
    com.unity.modules.particlesystem@1.0.0 (location: C:\Users\marst\Projects\Git\Going-Dark\Library\PackageCache\com.unity.modules.particlesystem)
    com.unity.modules.physics@1.0.0 (location: C:\Users\marst\Projects\Git\Going-Dark\Library\PackageCache\com.unity.modules.physics)
    com.unity.modules.physics2d@1.0.0 (location: C:\Users\marst\Projects\Git\Going-Dark\Library\PackageCache\com.unity.modules.physics2d)
    com.unity.modules.screencapture@1.0.0 (location: C:\Users\marst\Projects\Git\Going-Dark\Library\PackageCache\com.unity.modules.screencapture)
    com.unity.modules.terrain@1.0.0 (location: C:\Users\marst\Projects\Git\Going-Dark\Library\PackageCache\com.unity.modules.terrain)
    com.unity.modules.terrainphysics@1.0.0 (location: C:\Users\marst\Projects\Git\Going-Dark\Library\PackageCache\com.unity.modules.terrainphysics)
    com.unity.modules.tilemap@1.0.0 (location: C:\Users\marst\Projects\Git\Going-Dark\Library\PackageCache\com.unity.modules.tilemap)
    com.unity.modules.ui@1.0.0 (location: C:\Users\marst\Projects\Git\Going-Dark\Library\PackageCache\com.unity.modules.ui)
    com.unity.modules.uielements@1.0.0 (location: C:\Users\marst\Projects\Git\Going-Dark\Library\PackageCache\com.unity.modules.uielements)
    com.unity.modules.umbra@1.0.0 (location: C:\Users\marst\Projects\Git\Going-Dark\Library\PackageCache\com.unity.modules.umbra)
    com.unity.modules.unityanalytics@1.0.0 (location: C:\Users\marst\Projects\Git\Going-Dark\Library\PackageCache\com.unity.modules.unityanalytics)
    com.unity.modules.unitywebrequest@1.0.0 (location: C:\Users\marst\Projects\Git\Going-Dark\Library\PackageCache\com.unity.modules.unitywebrequest)
    com.unity.modules.unitywebrequestassetbundle@1.0.0 (location: C:\Users\marst\Projects\Git\Going-Dark\Library\PackageCache\com.unity.modules.unitywebrequestassetbundle)
    com.unity.modules.unitywebrequestaudio@1.0.0 (location: C:\Users\marst\Projects\Git\Going-Dark\Library\PackageCache\com.unity.modules.unitywebrequestaudio)
    com.unity.modules.unitywebrequesttexture@1.0.0 (location: C:\Users\marst\Projects\Git\Going-Dark\Library\PackageCache\com.unity.modules.unitywebrequesttexture)
    com.unity.modules.unitywebrequestwww@1.0.0 (location: C:\Users\marst\Projects\Git\Going-Dark\Library\PackageCache\com.unity.modules.unitywebrequestwww)
    com.unity.modules.vectorgraphics@1.0.0 (location: C:\Users\marst\Projects\Git\Going-Dark\Library\PackageCache\com.unity.modules.vectorgraphics)
    com.unity.modules.vehicles@1.0.0 (location: C:\Users\marst\Projects\Git\Going-Dark\Library\PackageCache\com.unity.modules.vehicles)
    com.unity.modules.video@1.0.0 (location: C:\Users\marst\Projects\Git\Going-Dark\Library\PackageCache\com.unity.modules.video)
    com.unity.modules.vr@1.0.0 (location: C:\Users\marst\Projects\Git\Going-Dark\Library\PackageCache\com.unity.modules.vr)
    com.unity.modules.wind@1.0.0 (location: C:\Users\marst\Projects\Git\Going-Dark\Library\PackageCache\com.unity.modules.wind)
    com.unity.modules.xr@1.0.0 (location: C:\Users\marst\Projects\Git\Going-Dark\Library\PackageCache\com.unity.modules.xr)
    com.unity.modules.subsystems@1.0.0 (location: C:\Users\marst\Projects\Git\Going-Dark\Library\PackageCache\com.unity.modules.subsystems)
    com.unity.modules.hierarchycore@1.0.0 (location: C:\Users\marst\Projects\Git\Going-Dark\Library\PackageCache\com.unity.modules.hierarchycore)
    com.unity.visualeffectgraph@17.3.0 (location: C:\Users\marst\Projects\Git\Going-Dark\Library\PackageCache\com.unity.visualeffectgraph@863ac24cb416)
    com.unity.render-pipelines.high-definition-config@17.3.0 (location: C:\Users\marst\Projects\Git\Going-Dark\Library\PackageCache\com.unity.render-pipelines.high-definition-config@a5eed8fc07b1)
[Package Manager] com.unity.services.matchmaker is deprecated: The Matchmaker package is deprecated and will not receive further updates. The SDK is now part of the unified Multiplayer Services package (com.unity.services.multiplayer). Migrate to that package to access ongoing support and improvements.
[Package Manager] com.unity.services.multiplay is deprecated: The Multiplay package is deprecated and will not receive further updates. The SDK is now part of the unified Multiplayer Services package (com.unity.services.multiplayer). Migrate to that package to access ongoing support and improvements.
[Subsystems] No new subsystems found in resolved package list.
[Package Manager] Done registering packages in 0.01 seconds
[ScriptCompilation] Requested script compilation because: Assetdatabase observed changes in script compilation related files
Duplicate assembly 'websocket-sharp.dll' with different versions detected, using 'Packages/com.unity.services.wire/Plugins/websocket-sharp.dll, AssemblyName=websocket-sharp, Version=1.0.2.18559, Culture=neutral, PublicKeyToken=5660b08a1845a91e' and ignoring 'Assets/Photon/PhotonLibs/WebSocket/websocket-sharp.dll, AssemblyName=websocket-sharp, Version=1.0.2.0, Culture=neutral, PublicKeyToken=5660b08a1845a91e'.Starting: C:\Program Files\Unity\Hub\Editor\6000.3.7f1\Editor\Data\Tools\BuildPipeline\bee_backend.exe --ipc --defer-dag-verification --dagfile="Library/Bee/1900b0aE.dag" --continue-on-failure --profile="Library/Bee/backend1.traceevents" ScriptAssemblies
WorkingDir: C:/Users/marst/Projects/Git/Going-Dark
DisplayProgressbar: Compiling Scripts
ExitCode: 0 Duration: 3s9ms
[1133/1489  0s] ILPP-Configuration Library/ilpp-configuration.nevergeneratedoutput
[1473/1489  1s] Csc Library/Bee/artifacts/1900b0aE.dag/FusionAnimator.Editor.dll (+2 others)
Assets\FusionAnimator\Editor\FusionAnimatorGraphView.cs(4603,36): warning CS0618: 'VisualElement.transform' is obsolete: 'When writing the value, use VisualElement.style.translate, VisualElement.style.rotate or VisualElement.style.scale instead. When reading the value, use VisualElement.resolvedStyle.translate, scale and rotate'

Assets\FusionAnimator\Editor\FusionAnimatorGraphView.cs(4603,36): warning CS0618: 'ITransform.scale' is obsolete: 'When reading the value, use VisualElement.resolvedStyle.scale. When writing the value, use VisualElement.style.scale instead.'
[1475/1489  0s] ILPostProcess Library/Bee/artifacts/1900b0aE.dag/post-processed/FusionAnimator.Editor.dll (+pdb)
Processing assembly Library/Bee/artifacts/1900b0aE.dag/FusionAnimator.Editor.dll, with 146 defines and 295 references

processors: Fusion.CodeGen.ILWeaverBindings, Unity.Jobs.CodeGen.JobsILPostProcessor, zzzUnity.Burst.CodeGen.BurstILPostProcessor

running Fusion.CodeGen.ILWeaverBindings

running Unity.Jobs.CodeGen.JobsILPostProcessor

running zzzUnity.Burst.CodeGen.BurstILPostProcessor
[1476/1489  0s] CopyFiles Library/ScriptAssemblies/FusionAnimator.Editor.pdb
[1477/1489  0s] CopyFiles Library/ScriptAssemblies/FusionAnimator.Editor.dll
[1478/1489  0s] Csc Library/Bee/artifacts/1900b0aE.dag/Assembly-CSharp.dll (+2 others)
Assets\_GoingDark\Scripts\CameraInputController.cs(72,33): warning CS0618: 'CinemachineVirtualCamera' is obsolete: 'CinemachineVirtualCamera is deprecated. Use CinemachineCamera instead.'

Assets\_GoingDark\Scripts\CameraInputController.cs(10,13): warning CS0618: 'CinemachineVirtualCamera' is obsolete: 'CinemachineVirtualCamera is deprecated. Use CinemachineCamera instead.'

Assets\_GoingDark\Scripts\CameraInputController.cs(11,13): warning CS0618: 'Cinemachine3rdPersonFollow' is obsolete: 'Cinemachine3rdPersonFollow has been deprecated. Use CinemachineThirdPersonFollow instead'

Assets\_GoingDark\Scripts\CameraInputController.cs(15,13): warning CS0618: 'CinemachineVirtualCamera' is obsolete: 'CinemachineVirtualCamera is deprecated. Use CinemachineCamera instead.'

Assets\_GoingDark\Scripts\CameraInputController.cs(22,67): warning CS0618: 'Cinemachine3rdPersonFollow' is obsolete: 'Cinemachine3rdPersonFollow has been deprecated. Use CinemachineThirdPersonFollow instead'

Assets\_GoingDark\Scripts\CameraInputController.cs(24,65): warning CS0618: 'Cinemachine3rdPersonFollow' is obsolete: 'Cinemachine3rdPersonFollow has been deprecated. Use CinemachineThirdPersonFollow instead'

Assets\TPSBR\Scripts\Gameplay\Agent\Character\CharacterAnimationController.cs(46,27): warning CS0414: The field 'CharacterAnimationController._fusionControlShootLayer' is assigned but its value is never used

Assets\ExampleCharacter.cs(20,40): warning CS0414: The field 'ExampleCharacter.sensitivity' is assigned but its value is never used

Assets\TPSBR\Scripts\Gameplay\Components\Aiming.cs(37,17): warning CS0414: The field 'Aiming._surfaceDeflectionMaxTravelDistance' is assigned but its value is never used
[1479/1489  0s] Csc Library/Bee/artifacts/1900b0aE.dag/Assembly-CSharp-Editor.dll (+2 others)
[1480/1489  1s] ILPostProcess Library/Bee/artifacts/1900b0aE.dag/post-processed/Assembly-CSharp-firstpass.dll (+pdb)
Processing assembly Library/Bee/artifacts/1900b0aE.dag/Assembly-CSharp-firstpass.dll, with 148 defines and 359 references

processors: Fusion.CodeGen.ILWeaverBindings, Unity.Jobs.CodeGen.JobsILPostProcessor, zzzUnity.Burst.CodeGen.BurstILPostProcessor

running Fusion.CodeGen.ILWeaverBindings

running Unity.Jobs.CodeGen.JobsILPostProcessor

running zzzUnity.Burst.CodeGen.BurstILPostProcessor
[1481/1489  0s] ILPostProcess Library/Bee/artifacts/1900b0aE.dag/post-processed/Assembly-CSharp-Editor.dll (+pdb)
Processing assembly Library/Bee/artifacts/1900b0aE.dag/Assembly-CSharp-Editor.dll, with 146 defines and 380 references

processors: Fusion.CodeGen.ILWeaverBindings, Unity.Jobs.CodeGen.JobsILPostProcessor, zzzUnity.Burst.CodeGen.BurstILPostProcessor

running Fusion.CodeGen.ILWeaverBindings

running Unity.Jobs.CodeGen.JobsILPostProcessor

running zzzUnity.Burst.CodeGen.BurstILPostProcessor
[1484/1489  0s] CopyFiles Library/ScriptAssemblies/Assembly-CSharp-Editor.dll
[1485/1489  0s] CopyFiles Library/ScriptAssemblies/Assembly-CSharp-Editor.pdb
[1486/1489  1s] ILPostProcess Library/Bee/artifacts/1900b0aE.dag/post-processed/Assembly-CSharp.dll (+pdb)
Processing assembly Library/Bee/artifacts/1900b0aE.dag/Assembly-CSharp.dll, with 148 defines and 360 references

processors: Fusion.CodeGen.ILWeaverBindings, Unity.Jobs.CodeGen.JobsILPostProcessor, zzzUnity.Burst.CodeGen.BurstILPostProcessor

running Fusion.CodeGen.ILWeaverBindings

running Unity.Jobs.CodeGen.JobsILPostProcessor

running zzzUnity.Burst.CodeGen.BurstILPostProcessor
[1487/1489  0s] CopyFiles Library/ScriptAssemblies/Assembly-CSharp.pdb
[1488/1489  0s] CopyFiles Library/ScriptAssemblies/Assembly-CSharp.dll
*** Tundra build success (2.98 seconds), 14 items updated, 1489 evaluated
Assets\FusionAnimator\Editor\FusionAnimatorGraphView.cs(4603,36): warning CS0618: 'VisualElement.transform' is obsolete: 'When writing the value, use VisualElement.style.translate, VisualElement.style.rotate or VisualElement.style.scale instead. When reading the value, use VisualElement.resolvedStyle.translate, scale and rotate'
Assets\FusionAnimator\Editor\FusionAnimatorGraphView.cs(4603,36): warning CS0618: 'ITransform.scale' is obsolete: 'When reading the value, use VisualElement.resolvedStyle.scale. When writing the value, use VisualElement.style.scale instead.'
Assets\_GoingDark\Scripts\CameraInputController.cs(72,33): warning CS0618: 'CinemachineVirtualCamera' is obsolete: 'CinemachineVirtualCamera is deprecated. Use CinemachineCamera instead.'
Assets\_GoingDark\Scripts\CameraInputController.cs(10,13): warning CS0618: 'CinemachineVirtualCamera' is obsolete: 'CinemachineVirtualCamera is deprecated. Use CinemachineCamera instead.'
Assets\_GoingDark\Scripts\CameraInputController.cs(11,13): warning CS0618: 'Cinemachine3rdPersonFollow' is obsolete: 'Cinemachine3rdPersonFollow has been deprecated. Use CinemachineThirdPersonFollow instead'
Assets\_GoingDark\Scripts\CameraInputController.cs(15,13): warning CS0618: 'CinemachineVirtualCamera' is obsolete: 'CinemachineVirtualCamera is deprecated. Use CinemachineCamera instead.'
Assets\_GoingDark\Scripts\CameraInputController.cs(22,67): warning CS0618: 'Cinemachine3rdPersonFollow' is obsolete: 'Cinemachine3rdPersonFollow has been deprecated. Use CinemachineThirdPersonFollow instead'
Assets\_GoingDark\Scripts\CameraInputController.cs(24,65): warning CS0618: 'Cinemachine3rdPersonFollow' is obsolete: 'Cinemachine3rdPersonFollow has been deprecated. Use CinemachineThirdPersonFollow instead'
Assets\TPSBR\Scripts\Gameplay\Agent\Character\CharacterAnimationController.cs(46,27): warning CS0414: The field 'CharacterAnimationController._fusionControlShootLayer' is assigned but its value is never used
Assets\ExampleCharacter.cs(20,40): warning CS0414: The field 'ExampleCharacter.sensitivity' is assigned but its value is never used
Assets\TPSBR\Scripts\Gameplay\Components\Aiming.cs(37,17): warning CS0414: The field 'Aiming._surfaceDeflectionMaxTravelDistance' is assigned but its value is never used
AssetDatabase: script compilation time: 3.613206s
Begin MonoManager ReloadAssembly
Duplicate assembly 'websocket-sharp.dll' with different versions detected, using 'Packages/com.unity.services.wire/Plugins/websocket-sharp.dll, AssemblyName=websocket-sharp, Version=1.0.2.18559, Culture=neutral, PublicKeyToken=5660b08a1845a91e' and ignoring 'Assets/Photon/PhotonLibs/WebSocket/websocket-sharp.dll, AssemblyName=websocket-sharp, Version=1.0.2.0, Culture=neutral, PublicKeyToken=5660b08a1845a91e'.- Loaded All Assemblies, in  2.947 seconds
'Assets/Photon/Fusion/Runtime/Fusion.Unity.cs' contains partial class of Unity.Object, exactly 1 of the partial classes needs to be in a file with the same filename. This is to know the one that can be referenced from ie. GameObjects
'Assets/Photon/Fusion/Runtime/Fusion.Unity.cs' contains partial class of Unity.Object, exactly 1 of the partial classes needs to be in a file with the same filename. This is to know the one that can be referenced from ie. GameObjects
'Packages/com.unity.cinemachine/Editor/Editors/CinemachineVirtualCameraBaseEditor.cs' contains partial class of Unity.Object, exactly 1 of the partial classes needs to be in a file with the same filename. This is to know the one that can be referenced from ie. GameObjects
'Packages/com.unity.cinemachine/Editor/Obsolete/CinemachineVirtualCameraBaseEditor.cs' contains partial class of Unity.Object, exactly 1 of the partial classes needs to be in a file with the same filename. This is to know the one that can be referenced from ie. GameObjects
Refreshing native plugins compatible for Editor in 9.73 ms, found 8 plugins.
Native extension for WindowsStandalone target not found
Refreshing native plugins compatible for Editor in 5.15 ms, found 8 plugins.
Duplicate assembly 'websocket-sharp.dll' with different versions detected, using 'Packages/com.unity.services.wire/Plugins/websocket-sharp.dll, AssemblyName=websocket-sharp, Version=1.0.2.18559, Culture=neutral, PublicKeyToken=5660b08a1845a91e' and ignoring 'Assets/Photon/PhotonLibs/WebSocket/websocket-sharp.dll, AssemblyName=websocket-sharp, Version=1.0.2.0, Culture=neutral, PublicKeyToken=5660b08a1845a91e'.[MODES] ModeService[none].Initialize
[MODES] ModeService[none].LoadModes
[MODES] Loading mode Default (0) for mode-current-id-Going Dark
ScheduleIndexationOnStartup MainProcess:True IndexOnStartup:True
Mono: successfully reloaded assembly
- Finished resetting the current domain, in  5.619 seconds
Domain Reload Profiling: 8563ms
	BeginReloadAssembly (233ms)
		ExecutionOrderSort (0ms)
		DisableScriptedObjects (7ms)
		BackupInstance (0ms)
		ReleaseScriptingObjects (0ms)
		CreateAndSetChildDomain (144ms)
	RebuildCommonClasses (22ms)
	RebuildNativeTypeToScriptingClass (8ms)
	initialDomainReloadingComplete (32ms)
	LoadAllAssembliesAndSetupDomain (2648ms)
		LoadAssemblies (2145ms)
		RebuildTransferFunctionScriptingTraits (0ms)
		AnalyzeDomain (559ms)
			TypeCache.Refresh (471ms)
				TypeCache.ScanAssembly (461ms)
			BuildScriptInfoCaches (71ms)
			ResolveRequiredComponents (12ms)
	FinalizeReload (5620ms)
		ReleaseScriptCaches (0ms)
		RebuildScriptCaches (0ms)
		SetupLoadedEditorAssemblies (5433ms)
			LogAssemblyErrors (0ms)
			InitializePlatformSupportModulesInManaged (17ms)
			SetLoadedEditorAssemblies (2ms)
			BeforeProcessingInitializeOnLoad (119ms)
			ProcessInitializeOnLoadAttributes (5104ms)
			ProcessInitializeOnLoadMethodAttributes (186ms)
			AfterProcessingInitializeOnLoad (4ms)
			EditorAssembliesLoaded (0ms)
		ExecutionOrderSort2 (0ms)
		AwakeInstancesAfterBackupRestoration (6ms)
Refreshing native plugins compatible for Editor in 4.63 ms, found 8 plugins.
Preloading 0 native plugins for Editor in 0.00 ms.
Asset Pipeline Refresh (id=5b7987de230ce254fa53b86047182f80): Total: 13.167 seconds - Initiated by InitialRefreshV2(ForceSynchronousImport)
	Summary:
		Imports: total=0 (actual=0, local cache=0, cache server=0)
		Asset DB Process Time: managed=0 ms, native=6367 ms
		Asset DB Callback time: managed=155 ms, native=26 ms
		Scripting: domain reloads=1, domain reload time=2948 ms, compile time=3614 ms, other=55 ms
		Project Asset Count: scripts=2619, non-scripts=5771
		Asset File Changes: new=0, changed=3, moved=0, deleted=0
		Scan Filter Count: 0
	InvokeCustomDependenciesCallbacks: 0.001ms
	InvokePackagesCallback: 18.108ms
	ApplyChangesToAssetFolders: 0.546ms
	Scan: 313.959ms
	OnSourceAssetsModified: 0.819ms
	CategorizeAssetsWithTransientArtifact: 75.276ms
	ProcessAssetsWithTransientArtifactChanges: 93.753ms
	CategorizeAssets: 90.341ms
	ImportOutOfDateAssets: 5643.719ms (2026.153ms without children)
		CompileScripts: 3614.470ms
		ReloadNativeAssets: 0.034ms
		UnloadImportedAssets: 1.648ms
		EnsureUptoDateAssetsAreRegisteredWithGuidPM: 0.917ms
		InitializingProgressBar: 0.000ms
		PostProcessAllAssetNotificationsAddChangedAssets: 0.001ms
		OnDemandSchedulerStart: 0.496ms
	PostProcessAllAssets: 157.631ms
	Hotreload: 6.263ms
	GatherAllCurrentPrimaryArtifactRevisions: 0.002ms
	UnloadStreamsBegin: 3.102ms
	PersistCurrentRevisions: 0.161ms
	UnloadStreamsEnd: 0.001ms
	GenerateScriptTypeHashes: 5.749ms
	Untracked: 6763.098ms

Application.AssetDatabase Initial Refresh End
Scanning for USB devices : 9.436ms
Initializing Unity extensions:
Duplicate assembly 'websocket-sharp.dll' with different versions detected, using 'Packages/com.unity.services.wire/Plugins/websocket-sharp.dll, AssemblyName=websocket-sharp, Version=1.0.2.18559, Culture=neutral, PublicKeyToken=5660b08a1845a91e' and ignoring 'Assets/Photon/PhotonLibs/WebSocket/websocket-sharp.dll, AssemblyName=websocket-sharp, Version=1.0.2.0, Culture=neutral, PublicKeyToken=5660b08a1845a91e'.Script 'Library/PackageCache/com.unity.test-framework@0b7a23ab2e1d/Tests/TestNewCustomAssembly/TestNewCustomAssembly.asmdef' will not be compiled because it exists outside the Assets folder and does not to belong to any assembly definition file.
Script 'Library/PackageCache/com.unity.ai.navigation@5218e4bf7edc/Tests/VerifyEditorInPlaymode/Unity.AI.Navigation.Tests.EditorInPlaymode.asmdef' will not be compiled because it exists outside the Assets folder and does not to belong to any assembly definition file.
Script 'Library/PackageCache/com.unity.render-pipelines.high-definition@78dc4450998b/Tests/Runtime/Unity.RenderPipelines.HighDefinition.Runtime.Tests.asmdef' will not be compiled because it exists outside the Assets folder and does not to belong to any assembly definition file.
Script 'Library/PackageCache/com.unity.mathematics@19a9377c4ffa/Tests/Unity.Mathematics.Tests.asmdef' will not be compiled because it exists outside the Assets folder and does not to belong to any assembly definition file.
Script 'Library/PackageCache/com.unity.services.authentication@862f5b816622/Server/Tests/Unity.Services.Authentication.Server.Tests.asmdef' will not be compiled because it exists outside the Assets folder and does not to belong to any assembly definition file.
Script 'Library/PackageCache/com.unity.collections@aea9d3bd5e19/Unity.Collections.Tests/System.Runtime.CompilerServices.Unsafe/System.Runtime.CompilerServices.Unsafe.xml' will not be compiled because it exists outside the Assets folder and does not to belong to any assembly definition file.
Script 'Library/PackageCache/com.unity.collections@aea9d3bd5e19/DocCodeSamples.Tests/DocCodeSamples.Tests.asmdef' will not be compiled because it exists outside the Assets folder and does not to belong to any assembly definition file.
Script 'Library/PackageCache/com.unity.services.authentication@862f5b816622/Server/Unity.Services.Authentication.Server.asmdef' will not be compiled because it exists outside the Assets folder and does not to belong to any assembly definition file.
Script 'Library/PackageCache/com.unity.services.authentication@862f5b816622/Player Accounts/Tests/Runtime/Unity.Services.Authentication.PlayerAccounts.Tests.asmdef' will not be compiled because it exists outside the Assets folder and does not to belong to any assembly definition file.
Script 'Library/PackageCache/com.unity.collections@aea9d3bd5e19/Unity.Collections.PerformanceTests/Unity.Collections.PerformanceTests.asmdef' will not be compiled because it exists outside the Assets folder and does not to belong to any assembly definition file.
Script 'Library/PackageCache/com.unity.ai.navigation@5218e4bf7edc/Tests/Runtime/Unity.AI.Navigation.Tests.asmdef' will not be compiled because it exists outside the Assets folder and does not to belong to any assembly definition file.
Script 'Library/PackageCache/com.unity.services.multiplay@caf5bb9cdad2/Runtime/Authoring/Core/Unity.Services.Multiplay.Authoring.Core.asmdef' will not be compiled because it exists outside the Assets folder and does not to belong to any assembly definition file.
Script 'Library/PackageCache/com.unity.timeline@7f8b2fb101b6/DocCodeExamples/DocCodeExamples.asmdef' will not be compiled because it exists outside the Assets folder and does not to belong to any assembly definition file.
Script 'Library/PackageCache/com.unity.render-pipelines.core@d6dfd1e235d5/Tests/Runtime/Threading/FunctionTestsGroup.compute' will not be compiled because it exists outside the Assets folder and does not to belong to any assembly definition file.
Script 'Library/PackageCache/com.unity.ai.navigation@5218e4bf7edc/Tests/Runtime/OffMeshLinkTests/Unity.AI.Navigation.LegacyOffMeshLink.Tests.asmdef' will not be compiled because it exists outside the Assets folder and does not to belong to any assembly definition file.
Script 'Library/PackageCache/com.unity.ugui@11343a6274f3/Tests/Runtime/UGUI/UnityEngine.UI.Tests.asmdef' will not be compiled because it exists outside the Assets folder and does not to belong to any assembly definition file.
Script 'Library/PackageCache/com.unity.inputsystem@57d0e36f6123/Tests/IntegrationTests/Unity.InputSystem.IntegrationTests.asmdef' will not be compiled because it exists outside the Assets folder and does not to belong to any assembly definition file.
Script 'Library/PackageCache/com.unity.collections@aea9d3bd5e19/Unity.Collections.Tests.Playmode/FixedListPlayModeTests.tt' will not be compiled because it exists outside the Assets folder and does not to belong to any assembly definition file.
Script 'Library/PackageCache/com.unity.ugui@11343a6274f3/Tests/Runtime/TMP/Unity.TextMeshPro.Tests.asmdef' will not be compiled because it exists outside the Assets folder and does not to belong to any assembly definition file.
Script 'Library/PackageCache/com.unity.visualeffectgraph@863ac24cb416/Tests/Runtime/Unity.VisualEffectGraph.Runtime.Tests.asmdef' will not be compiled because it exists outside the Assets folder and does not to belong to any assembly definition file.
Script 'Library/PackageCache/com.unity.rendering.denoising@5af22b1a6a91/Tests/Runtime/Unity.Rendering.Denoiser.Runtime.Tests.asmdef' will not be compiled because it exists outside the Assets folder and does not to belong to any assembly definition file.
Script 'Library/PackageCache/com.unity.collections@aea9d3bd5e19/Unity.Collections.BurstCompatibilityGen/Unity.Collections.BurstCompatibilityGen.asmdef' will not be compiled because it exists outside the Assets folder and does not to belong to any assembly definition file.
Script 'Library/PackageCache/com.unity.jobs@bb63d3d025fd/Unity.Jobs.Tests/Unity.Jobs.Tests.asmdef' will not be compiled because it exists outside the Assets folder and does not to belong to any assembly definition file.
Unloading 16 Unused Serialized files (Serialized files now loaded: 0)
Unloading 10837 unused Assets / (5.7 MB). Loaded Objects now: 12143.
Memory consumption went from 313.1 MB to 307.5 MB.
Total: 25.839900 ms (FindLiveObjects: 0.889300 ms CreateObjectMapping: 0.317200 ms MarkObjects: 21.416800 ms  DeleteObjects: 3.215300 ms)

Start importing Assets/FusionAnimator/Graphs/FusionAnimatorGraph.asset using Guid(7c4898d598ebdb3458cc3f26b16aceb6) (NativeFormatImporter) -> (artifact id: 'cdf8697dbe1a62156e243be73276f372') in 0.0049473 seconds
Refreshing native plugins compatible for Editor in 4.68 ms, found 8 plugins.
Preloading 0 native plugins for Editor in 0.00 ms.
Asset Pipeline Refresh (id=61d9e7abd834cb143b3b834d04f2bbeb): Total: 0.103 seconds - Initiated by StopAssetImportingV2(NoUpdateAssetOptions)
Asset Pipeline Refresh (id=1b849a0fc22181a479a376d6bd539dcb): Total: 0.007 seconds - Initiated by RefreshV2(NoUpdateAssetOptions)
Fusion animator graph rebuilt. Converted 'SOF_A' -> Parameters=19, Layers=6, States=39, Transitions=200
UnityEngine.Debug:ExtractStackTraceNoAlloc (byte*,int,string)
UnityEngine.StackTraceUtility:ExtractStackTrace ()
UnityEngine.DebugLogHandler:Internal_Log (UnityEngine.LogType,UnityEngine.LogOption,string,UnityEngine.Object)
UnityEngine.DebugLogHandler:LogFormat (UnityEngine.LogType,UnityEngine.Object,string,object[])
UnityEngine.Logger:Log (UnityEngine.LogType,object)
UnityEngine.Debug:Log (object)
FusionAnimator.Editor.FusionAnimatorBatchTools:RebuildDefaultFusionAgentGraph () (at Assets/FusionAnimator/Editor/FusionAnimatorBatchTools.cs:49)

(Filename: Assets/FusionAnimator/Editor/FusionAnimatorBatchTools.cs Line: 49)

Batchmode quit successfully invoked - shutting down!
[Physics::Module] Cleanup current backend.
[Physics::Module] Id: 0xf2b8ea05
Input System module state changed to: ShutdownInProgress.
Input System polling thread exited.
Input System module state changed to: Shutdown.
[Licensing::IpcConnector] LicenseClient-marst-notifications channel disconnected successfully.
[Licensing::IpcConnector] LicenseClient-marst channel disconnected successfully.
AcceleratorClientConnectionCallback - disconnected - :0
Cleanup mono
12:53:27.161 |V| RiderPlugin                    | :1                             | AppDomain.CurrentDomain.DomainUnload lifetimeDefinition.Terminate
Exiting batchmode successfully now!
Exiting without the bug reporter. Application will terminate with return code 0